| tests/test-data/js-src/main.js:18:12:18:49 | Large array (5000 elements) passed to WebAssembly without optimization |